// Jest Snapshot v1, https://goo.gl/fbAQLP

exports[`Introspector DateTime columns 1`] = `
"type Booleans @pgTable(name: \\"Booleans\\") {
  a: DateTime
  b: DateTime!
}
"
`;

exports[`Introspector Json columns 1`] = `
"type Booleans @pgTable(name: \\"Booleans\\") {
  a: Json
  b: Json!
}
"
`;

exports[`Introspector boolean columns 1`] = `
"type Booleans @pgTable(name: \\"Booleans\\") {
  a: Boolean
  b: Boolean!
}
"
`;

exports[`Introspector float columns 1`] = `
"type Floats @pgTable(name: \\"Floats\\") {
  a: Float @default(value = 3.4)
  b: Float
  c: Float
  d: Float
  e: Float!
  f: Float!
  g: Float!
  h: Float!
  i: Float
  j: Float!
}
"
`;

exports[`Introspector int columns 1`] = `
"type Ints @pgTable(name: \\"Ints\\") {
  a: Int @default(value = 3)
  b: Int
  c: Int
  d: Int!
  e: Int!
  f: Int!
}
"
`;

exports[`Introspector text columns 1`] = `
"type Strings @pgTable(name: \\"Strings\\") {
  a: String @unique
  b: String @unique
  c: String @default(value = \\"abc\\")
  d: String!
  e: String!
  f: String!
}
"
`;
