// Jest Snapshot v1, https://goo.gl/fbAQLP

exports[`up in empty dir 1`] = `
"

Success! Added local cluster \`local\` to /var/folders/lc/rzmq7fnn4_jbrcsbz_f1kyfr0000gr/T/cj8mu2b170001bkyvp1vqdpig/.graphcoolrc

To get started, execute
    
  $ graphcool init
  $ graphcool deploy

"
`;
