// Jest Snapshot v1, https://goo.gl/fbAQLP

exports[`creating draft works 1`] = `
Object {
  "content": "some text",
  "status": "DRAFT",
  "title": "New post",
}
`;

exports[`creating publish fails 1`] = `"Error: Can't create published posts!"`;
