// Jest Snapshot v1, https://goo.gl/fbAQLP

exports[`querying drafts works 1`] = `
Array [
  Object {
    "status": "DRAFT",
  },
]
`;
