// Jest Snapshot v1, https://goo.gl/fbAQLP

exports[`cli version --version 1`] = `
"graphcool/1.3.11 (darwin-x64) node-v8.4.0
"
`;

exports[`cli version -v 1`] = `
"graphcool/1.3.11 (darwin-x64) node-v8.4.0
"
`;

exports[`cli version version 1`] = `
"graphcool/1.3.11 (darwin-x64) node-v8.4.0
"
`;
