// Jest Snapshot v1, https://goo.gl/fbAQLP

exports[`deploy with change 1`] = `
"
Your project cj84dopd3197p01200l5sb9fs of env dev was successfully updated.
Here are the changes:


Types

  Post
   + A new type with the name \`Post\` is created.
   └── +  A new field with the name \`title\` and type \`String\` is created.

"
`;

exports[`deploy without change 1`] = `
"Identical project definition for project cj84dopd3197p01200l5sb9fs in env dev, no action required.

"
`;
