// Jest Snapshot v1, https://goo.gl/fbAQLP

exports[`init from project test project 1`] = `
"

   Written files:
   ├─ .DS_Store
   ├─ .graphcoolrc
   ├─ code
   │  └─ hello.js
   ├─ graphcool.yml
   ├─ modules
   │  └─ github
   │     ├─ README.md
   │     ├─ code
   │     │  └─ github-authentication.js
   │     ├─ docs
   │     │  ├─ authorize.png
   │     │  ├─ client-id.png
   │     │  └─ github-login-settings.png
   │     ├─ graphcool.yml
   │     ├─ login.html
   │     ├─ schemas
   │     │  └─ github-authentication.graphql
   │     └─ types.graphql
   ├─ schemas
   │  └─ hello.graphql
   └─ types.graphql
   
   Here is what you can do next:

   1) Open graphcool.yml or types.graphql in your editor to update your project definition.
      You can deploy your changes using \`graphcool deploy\`.
   
   2) Install a graphcool module to your project:
   
      Github Authentication
      $ graphcool module add graphcool/modules/authentication/github
   
      Facebook Authentication
      $ graphcool module add graphcool/modules/authentication/facebook
      
      Algolia Syncing
      $ graphcool module add graphcool/modules/syncing/algolia

   3) Use the following endpoint to connect to your GraphQL API:

      https://api.graph.cool/simple/v1/cj84kn8jz03r60163t5hteucd

"
`;
