// Jest Snapshot v1, https://goo.gl/fbAQLP

exports[`deploy fake 1`] = `
"



Written to graphcool.yml

Written to ./types.graphql



 âœ” Created project Shellcrest Cub (ID: cj7elbt9z0a3z011214m21uwn) successfully.

   Here is what you can do next:

   1) Open graphcool.yml or types.graphql in your editor to update your project definition.
      You can deploy your changes using \`graphcool deploy\`.

   2) Use one of the following endpoints to connect to your GraphQL API:

        Simple API:   https://api.graph.cool/simple/v1/cj7elbt9z0a3z011214m21uwn
        Relay API:    https://api.graph.cool/relay/v1/cj7elbt9z0a3z011214m21uwn

"
`;
